2026-04-04 10:06:38,732 - src.pipelines.orders_pipeline - INFO - 🚀 Pipeline started
2026-04-04 10:06:38,733 - src.pipelines.orders_pipeline - INFO - Starting extraction...
2026-04-04 10:06:38,733 - src.extraction.extract_orders - INFO - Starting extraction...
2026-04-04 10:07:17,030 - src.pipelines.orders_pipeline - ERROR - ❌ Pipeline failed: For input string: "60s"
2026-04-04 10:07:29,001 - src.pipelines.orders_pipeline - INFO - 🚀 Pipeline started
2026-04-04 10:07:29,002 - src.pipelines.orders_pipeline - INFO - Starting extraction...
2026-04-04 10:07:29,002 - src.extraction.extract_orders - INFO - Starting extraction...
2026-04-04 10:08:00,695 - src.pipelines.orders_pipeline - ERROR - ❌ Pipeline failed: For input string: "60s"
2026-04-04 10:08:10,510 - src.pipelines.orders_pipeline - INFO - 🚀 Pipeline started
2026-04-04 10:08:10,511 - src.pipelines.orders_pipeline - INFO - Starting extraction...
2026-04-04 10:08:10,511 - src.extraction.extract_orders - INFO - Starting extraction...
2026-04-04 10:08:33,816 - src.pipelines.orders_pipeline - ERROR - ❌ Pipeline failed: For input string: "60s"
2026-04-04 19:04:37,768 - src.pipelines.orders_pipeline - INFO - 🚀 Pipeline started
2026-04-04 19:04:37,791 - src.pipelines.orders_pipeline - INFO - Starting extraction...
2026-04-04 19:04:37,792 - src.extraction.extract_orders - INFO - Starting extraction...
2026-04-04 19:05:53,838 - src.pipelines.orders_pipeline - ERROR - ❌ Pipeline failed: For input string: "60s"
2026-04-04 19:06:31,587 - src.pipelines.orders_pipeline - INFO - 🚀 Pipeline started
2026-04-04 19:06:31,587 - src.pipelines.orders_pipeline - INFO - Starting extraction...
2026-04-04 19:06:31,588 - src.extraction.extract_orders - INFO - Starting extraction...
2026-04-04 19:07:21,816 - src.pipelines.orders_pipeline - ERROR - ❌ Pipeline failed: For input string: "60s"
2026-04-05 05:06:22,231 - src.pipelines.orders_pipeline - INFO - 🚀 Pipeline started
2026-04-05 05:06:22,233 - src.pipelines.orders_pipeline - INFO - Starting extraction...
2026-04-05 05:06:22,234 - src.extraction.extract_orders - INFO - Starting extraction...
2026-04-05 05:06:54,509 - src.pipelines.orders_pipeline - ERROR - ❌ Pipeline failed: For input string: "60s"
2026-04-05 05:12:04,348 - src.pipelines.orders_pipeline - INFO - 🚀 Pipeline started
2026-04-05 05:12:04,349 - src.pipelines.orders_pipeline - INFO - Starting extraction...
2026-04-05 05:12:04,349 - src.extraction.extract_orders - INFO - Starting extraction...
2026-04-05 05:12:37,860 - src.pipelines.orders_pipeline - ERROR - ❌ Pipeline failed: For input string: "60s"
2026-04-06 03:36:02,976 - src.pipelines.orders_pipeline - INFO - 🚀 Pipeline started
2026-04-06 03:36:02,985 - src.pipelines.orders_pipeline - INFO - Starting extraction...
2026-04-06 03:36:02,986 - src.extraction.extract_orders - INFO - Starting extraction...
2026-04-06 03:37:25,213 - src.pipelines.orders_pipeline - ERROR - ❌ Pipeline failed: For input string: "60s"
2026-04-06 03:42:41,271 - src.pipelines.orders_pipeline - INFO - 🚀 Pipeline started
2026-04-06 03:42:41,274 - src.pipelines.orders_pipeline - INFO - Starting extraction...
2026-04-06 03:42:41,275 - src.extraction.extract_orders - INFO - Starting extraction...
2026-04-06 03:43:29,764 - src.pipelines.orders_pipeline - ERROR - ❌ Pipeline failed: For input string: "60s"
2026-04-06 04:29:54,032 - src.pipelines.orders_pipeline - INFO - 🚀 Pipeline started
2026-04-06 04:29:54,034 - src.pipelines.orders_pipeline - INFO - Starting extraction...
2026-04-06 04:29:54,035 - src.extraction.extract_orders - INFO - Starting extraction...
2026-04-06 04:30:45,339 - src.pipelines.orders_pipeline - ERROR - ❌ Pipeline failed: For input string: "60s"
2026-04-06 04:35:58,654 - src.pipelines.orders_pipeline - INFO - 🚀 Pipeline started
2026-04-06 04:35:58,658 - src.pipelines.orders_pipeline - INFO - Starting extraction...
2026-04-06 04:35:58,659 - src.extraction.extract_orders - INFO - Starting extraction...
2026-04-06 04:37:20,761 - src.pipelines.orders_pipeline - ERROR - ❌ Pipeline failed: For input string: "60s"
2026-04-06 05:22:53,284 - src.pipelines.orders_pipeline - INFO - 🚀 Pipeline started
2026-04-06 05:22:53,288 - src.pipelines.orders_pipeline - INFO - Starting extraction...
2026-04-06 05:22:53,290 - src.extraction.extract_orders - INFO - 🚀 Starting extraction...
2026-04-06 05:23:57,829 - src.extraction.extract_orders - INFO - Reading data from: s3a://batchpipelineproject1/dev/raw_data/orders.csv
2026-04-06 05:24:00,823 - src.pipelines.orders_pipeline - ERROR - ❌ Pipeline failed: For input string: "60s"
2026-04-06 05:24:16,383 - src.pipelines.orders_pipeline - INFO - 🚀 Pipeline started
2026-04-06 05:24:16,384 - src.pipelines.orders_pipeline - INFO - Starting extraction...
2026-04-06 05:24:16,384 - src.extraction.extract_orders - INFO - 🚀 Starting extraction...
2026-04-06 05:24:46,158 - src.extraction.extract_orders - INFO - Reading data from: s3a://batchpipelineproject1/dev/raw_data/orders.csv
2026-04-06 05:24:48,784 - src.pipelines.orders_pipeline - ERROR - ❌ Pipeline failed: For input string: "60s"
2026-04-06 05:29:14,857 - src.pipelines.orders_pipeline - INFO - 🚀 Pipeline started
2026-04-06 05:29:14,858 - src.pipelines.orders_pipeline - INFO - Starting extraction...
2026-04-06 05:29:14,859 - src.extraction.extract_orders - INFO - 🚀 Starting extraction...
2026-04-06 05:29:57,730 - src.extraction.extract_orders - INFO - Reading data from: s3a://batchpipelineproject1/dev/raw_data/orders.csv
2026-04-06 05:30:02,242 - src.pipelines.orders_pipeline - ERROR - ❌ Pipeline failed: For input string: "60s"
2026-04-06 05:30:24,840 - src.pipelines.orders_pipeline - INFO - 🚀 Pipeline started
2026-04-06 05:30:24,842 - src.pipelines.orders_pipeline - INFO - Starting extraction...
2026-04-06 05:30:24,842 - src.extraction.extract_orders - INFO - 🚀 Starting extraction...
2026-04-06 05:30:57,887 - src.extraction.extract_orders - INFO - Reading data from: s3a://batchpipelineproject1/dev/raw_data/orders.csv
2026-04-06 05:31:00,850 - src.pipelines.orders_pipeline - ERROR - ❌ Pipeline failed: For input string: "60s"
2026-04-06 06:11:01,761 - src.pipelines.orders_pipeline - INFO - 🚀 Pipeline started
2026-04-06 06:11:01,763 - src.pipelines.orders_pipeline - INFO - Starting extraction...
2026-04-06 06:11:01,764 - src.extraction.extract_orders - INFO - 🚀 Starting extraction...
2026-04-06 06:11:50,863 - src.extraction.extract_orders - INFO - Reading data from: s3a://batchpipelineproject1/dev/raw_data/orders.csv
2026-04-06 06:11:55,801 - src.pipelines.orders_pipeline - ERROR - ❌ Pipeline failed: For input string: "60s"
2026-04-06 06:17:11,799 - src.pipelines.orders_pipeline - INFO - 🚀 Pipeline started
2026-04-06 06:17:11,800 - src.pipelines.orders_pipeline - INFO - Starting extraction...
2026-04-06 06:17:11,801 - src.extraction.extract_orders - INFO - 🚀 Starting extraction...
2026-04-06 06:18:00,089 - src.extraction.extract_orders - INFO - Reading data from: s3a://batchpipelineproject1/dev/raw_data/orders.csv
2026-04-06 06:18:03,156 - src.pipelines.orders_pipeline - ERROR - ❌ Pipeline failed: For input string: "60s"
2026-04-06 09:40:21,740 - src.pipelines.orders_pipeline - INFO - 🚀 Pipeline started
2026-04-06 09:40:21,744 - src.pipelines.orders_pipeline - INFO - Starting extraction...
2026-04-06 09:40:21,744 - src.extraction.extract_orders - INFO - 🚀 Starting extraction...
2026-04-06 09:41:44,660 - src.extraction.extract_orders - INFO - Reading raw data from S3 path: s3a://batchpipelineproject1/dev/raw_data/orders.csv
2026-04-06 09:41:47,972 - src.pipelines.orders_pipeline - ERROR - ❌ Pipeline failed: For input string: "60s"
2026-04-06 11:52:24,970 - src.pipelines.orders_pipeline - INFO - 🚀 Pipeline started
2026-04-06 11:52:24,979 - src.pipelines.orders_pipeline - INFO - Starting extraction...
2026-04-06 11:52:24,983 - src.extraction.extract_orders - INFO - 🚀 Starting extraction...
2026-04-06 11:54:24,561 - src.extraction.extract_orders - INFO - Reading raw data from S3 path: s3a://batchpipelineproject1/dev/raw_data/orders.csv
2026-04-06 11:54:29,036 - src.pipelines.orders_pipeline - ERROR - ❌ Pipeline failed: For input string: "60s"
2026-04-06 15:55:50,939 - smoke.logger - INFO - logger smoke line
2026-04-06 16:00:06,695 - src.pipelines.orders_pipeline - INFO - 🚀 Pipeline started
2026-04-06 16:00:06,698 - src.pipelines.orders_pipeline - INFO - Starting extraction...
2026-04-06 16:00:06,699 - src.extraction.extract_orders - INFO - 🚀 Starting extraction...
2026-04-06 16:01:21,276 - src.extraction.extract_orders - INFO - Reading raw data from S3 path: s3a://batchpipelineproject1/dev/raw_data/orders.csv
2026-04-06 16:01:25,725 - src.pipelines.orders_pipeline - ERROR - ❌ Pipeline failed: For input string: "24h"
2026-04-06 16:06:42,941 - src.pipelines.orders_pipeline - INFO - 🚀 Pipeline started
2026-04-06 16:06:42,943 - src.pipelines.orders_pipeline - INFO - Starting extraction...
2026-04-06 16:06:42,943 - src.extraction.extract_orders - INFO - 🚀 Starting extraction...
2026-04-06 16:08:55,926 - src.extraction.extract_orders - INFO - Reading raw data from S3 path: s3a://batchpipelineproject1/dev/raw_data/orders.csv
2026-04-06 16:10:01,407 - src.extraction.extract_orders - INFO - Schema after extraction:
2026-04-06 16:10:01,832 - src.extraction.extract_orders - INFO - Extraction completed successfully
2026-04-06 16:10:01,836 - src.pipelines.orders_pipeline - INFO - Starting transformation...
2026-04-06 16:10:01,870 - src.transformation.transform_orders - INFO - Starting transformation step...
2026-04-06 16:10:03,203 - src.transformation.transform_orders - INFO - Columns normalized successfully
2026-04-06 16:10:05,162 - src.transformation.transform_orders - INFO - Dirty data cleaned
2026-04-06 16:10:11,542 - src.transformation.transform_orders - INFO - Data types converted
2026-04-06 16:10:12,661 - src.transformation.transform_orders - INFO - Business column 'final_price' created
2026-04-06 16:10:12,663 - src.transformation.transform_orders - INFO - 🔥 CLEANING STEP APPLIED
2026-04-06 16:10:12,668 - src.transformation.transform_orders - INFO - Transformation completed successfully
2026-04-06 16:10:12,673 - src.pipelines.orders_pipeline - INFO - Starting validation...
2026-04-06 16:10:12,712 - src.validation.validate_orders - INFO - Starting data validation...
2026-04-06 16:10:27,497 - src.validation.validate_orders - INFO - Row count check passed: 9994 rows
2026-04-06 16:10:30,587 - src.validation.validate_orders - INFO - Null check passed for order_id
2026-04-06 16:10:39,943 - src.validation.validate_orders - INFO - Duplicate check passed
2026-04-06 16:10:46,661 - src.validation.validate_orders - INFO - Business rule check passed
2026-04-06 16:10:46,662 - src.validation.validate_orders - INFO - All validations passed successfully
2026-04-06 16:10:46,663 - src.pipelines.orders_pipeline - INFO - Loading data to S3...
2026-04-06 16:10:46,666 - src.loading.load_to_s3 - INFO - Starting load to S3...
2026-04-06 16:11:21,873 - src.loading.load_to_s3 - INFO - Data successfully written to S3 at s3a://batchpipelineproject1/dev/cleaned_data/
2026-04-06 16:11:21,877 - src.pipelines.orders_pipeline - INFO - Loading data to Snowflake...
2026-04-06 16:11:21,881 - src.loading.load_to_snowflake - INFO - Connecting to Snowflake...
2026-04-06 16:11:36,246 - src.loading.load_to_snowflake - INFO - Connection established. Loading data...
2026-04-06 16:36:00,567 - src.utils.report_generator - INFO - 
    ================= PIPELINE REPORT =================
    Start Time   : 2026-04-06 16:06:42.941062
    End Time     : 2026-04-06 16:33:57.209236
    Duration     : 0:27:14.268174
    Rows Processed : 9994
    Status       : SUCCESS
    ==================================================
    
2026-04-06 16:36:01,802 - src.pipelines.orders_pipeline - INFO - ✅ Pipeline completed successfully
2026-04-07 09:26:34,199 - src.pipelines.orders_pipeline - INFO - 🚀 Pipeline started
2026-04-07 09:26:34,208 - src.pipelines.orders_pipeline - INFO - Starting extraction...
2026-04-07 09:26:34,209 - src.extraction.extract_orders - INFO - 🚀 Starting extraction...
2026-04-07 09:28:13,721 - src.extraction.extract_orders - INFO - Reading raw data from S3 path: s3a://batchpipelineproject1/dev/raw_data/orders.csv
2026-04-07 09:28:35,907 - src.extraction.extract_orders - INFO - Schema after extraction:
2026-04-07 09:28:36,104 - src.extraction.extract_orders - INFO - Extraction completed successfully
2026-04-07 09:28:36,104 - src.pipelines.orders_pipeline - INFO - Starting transformation...
2026-04-07 09:28:36,113 - src.transformation.transform_orders - INFO - Starting transformation step...
2026-04-07 09:28:36,435 - src.transformation.transform_orders - INFO - Columns normalized successfully
2026-04-07 09:28:37,146 - src.transformation.transform_orders - INFO - Dirty data cleaned
2026-04-07 09:28:38,690 - src.transformation.transform_orders - INFO - Data types converted
2026-04-07 09:28:38,980 - src.transformation.transform_orders - INFO - Business column 'final_price' created
2026-04-07 09:28:38,980 - src.transformation.transform_orders - INFO - 🔥 CLEANING STEP APPLIED
2026-04-07 09:28:38,981 - src.transformation.transform_orders - INFO - Transformation completed successfully
2026-04-07 09:28:38,982 - src.pipelines.orders_pipeline - INFO - Starting validation...
2026-04-07 09:28:38,983 - src.validation.validate_orders - INFO - Starting data validation...
2026-04-07 09:28:50,057 - src.validation.validate_orders - INFO - Row count check passed: 9994 rows
2026-04-07 09:28:52,139 - src.validation.validate_orders - INFO - Null check passed for order_id
2026-04-07 09:28:58,399 - src.validation.validate_orders - INFO - Duplicate check passed
2026-04-07 09:29:01,560 - src.validation.validate_orders - INFO - Business rule check passed
2026-04-07 09:29:01,561 - src.validation.validate_orders - INFO - All validations passed successfully
2026-04-07 09:29:01,561 - src.pipelines.orders_pipeline - INFO - Loading data to S3...
2026-04-07 09:29:01,563 - src.loading.load_to_s3 - INFO - Starting load to S3...
2026-04-07 09:29:26,292 - src.loading.load_to_s3 - INFO - Data successfully written to S3 at s3a://batchpipelineproject1/dev/cleaned_data/
2026-04-07 09:29:26,293 - src.pipelines.orders_pipeline - INFO - Loading data to Snowflake...
2026-04-07 09:29:26,295 - src.loading.load_to_snowflake - INFO - Connecting to Snowflake...
2026-04-07 09:29:38,512 - src.loading.load_to_snowflake - INFO - Connection established. Loading data...
2026-04-07 09:43:22,630 - src.utils.report_generator - INFO - 
    ================= PIPELINE REPORT =================
    Start Time   : 2026-04-07 09:26:34.199344
    End Time     : 2026-04-07 09:43:09.862706
    Duration     : 0:16:35.663362
    Rows Processed : 9994
    Status       : SUCCESS
    ==================================================
    
2026-04-07 09:43:22,670 - src.pipelines.orders_pipeline - INFO - ✅ Pipeline completed successfully
2026-04-07 09:44:05,002 - src.pipelines.orders_pipeline - INFO - 🚀 Pipeline started
2026-04-07 09:44:05,005 - src.pipelines.orders_pipeline - INFO - Starting extraction...
2026-04-07 09:44:05,007 - src.extraction.extract_orders - INFO - 🚀 Starting extraction...
2026-04-07 09:44:39,489 - src.extraction.extract_orders - INFO - Reading raw data from S3 path: s3a://batchpipelineproject1/dev/raw_data/orders.csv
2026-04-07 09:44:52,141 - src.extraction.extract_orders - INFO - Schema after extraction:
2026-04-07 09:44:52,211 - src.extraction.extract_orders - INFO - Extraction completed successfully
2026-04-07 09:44:52,211 - src.pipelines.orders_pipeline - INFO - Starting transformation...
2026-04-07 09:44:52,212 - src.transformation.transform_orders - INFO - Starting transformation step...
2026-04-07 09:44:52,408 - src.transformation.transform_orders - INFO - Columns normalized successfully
2026-04-07 09:44:52,820 - src.transformation.transform_orders - INFO - Dirty data cleaned
2026-04-07 09:44:53,747 - src.transformation.transform_orders - INFO - Data types converted
2026-04-07 09:44:53,878 - src.transformation.transform_orders - INFO - Business column 'final_price' created
2026-04-07 09:44:53,879 - src.transformation.transform_orders - INFO - 🔥 CLEANING STEP APPLIED
2026-04-07 09:44:53,879 - src.transformation.transform_orders - INFO - Transformation completed successfully
2026-04-07 09:44:53,879 - src.pipelines.orders_pipeline - INFO - Starting validation...
2026-04-07 09:44:53,880 - src.validation.validate_orders - INFO - Starting data validation...
2026-04-07 09:45:01,526 - src.validation.validate_orders - INFO - Row count check passed: 9994 rows
2026-04-07 09:45:03,369 - src.validation.validate_orders - INFO - Null check passed for order_id
2026-04-07 09:45:08,740 - src.validation.validate_orders - INFO - Duplicate check passed
2026-04-07 09:45:11,164 - src.validation.validate_orders - INFO - Business rule check passed
2026-04-07 09:45:11,164 - src.validation.validate_orders - INFO - All validations passed successfully
2026-04-07 09:45:11,164 - src.pipelines.orders_pipeline - INFO - Loading data to S3...
2026-04-07 09:45:11,165 - src.loading.load_to_s3 - INFO - Starting load to S3...
2026-04-07 09:45:36,704 - src.loading.load_to_s3 - INFO - Data successfully written to S3 at s3a://batchpipelineproject1/dev/cleaned_data/
2026-04-07 09:45:36,705 - src.pipelines.orders_pipeline - INFO - Loading data to Snowflake...
2026-04-07 09:45:36,706 - src.loading.load_to_snowflake - INFO - Connecting to Snowflake...
2026-04-07 09:45:44,304 - src.loading.load_to_snowflake - INFO - Connection established. Loading data...
2026-04-07 10:35:02,549 - src.utils.report_generator - INFO - 
    ================= PIPELINE REPORT =================
    Start Time   : 2026-04-07 09:44:05.002302
    End Time     : 2026-04-07 10:34:44.057668
    Duration     : 0:50:39.055366
    Rows Processed : 9994
    Status       : SUCCESS
    ==================================================
    
2026-04-07 10:35:03,203 - src.pipelines.orders_pipeline - INFO - ✅ Pipeline completed successfully
2026-04-07 11:03:50,796 - src.extraction.extract_orders - INFO - 🚀 Starting extraction...
